// Jest Snapshot v1, https://goo.gl/fbAQLP

exports[`Testing Display Component expect to render display correctly 1`] = `
<div
  className="Display"
>
  <h2
    className="tc f2 mb4"
  >
    Estimated Results
  </h2>
  <div
    className="Results"
  >
    <div
      className="Impact"
    >
      <h3>
        Impact
      </h3>
      <div>
        <span
          className="Title"
        >
          Currently Infected: 
        </span>
        <span>
          6,740
        </span>
      </div>
      <div>
        <span
          className="Title"
        >
          Infections By Requested Time: 
        </span>
        <span>
          3,533,701,120
        </span>
      </div>
      <div>
        <span
          className="Title"
        >
          Severe Cases By Requested Time: 
        </span>
        <span>
          530,055,168
        </span>
      </div>
      <div>
        <span
          className="Title"
        >
          Hospital Beds By Requested Time: 
        </span>
        <span>
          -529,571,953
        </span>
      </div>
      <div>
        <span
          className="Title"
        >
          Cases For ICU By Requested Time: 
        </span>
        <span>
          176,685,056
        </span>
      </div>
      <div>
        <span
          className="Title"
        >
          Cases For Ventilators By Requested Time: 
        </span>
        <span>
          70,674,022
        </span>
      </div>
      <div>
        <span
          className="Title"
        >
          Dollars InFlight: 
        </span>
        <span>
          727,589,060,608
        </span>
      </div>
    </div>
    <div
      className="Impact"
    >
      <h3>
        Severe Impact
      </h3>
      <div>
        <span
          className="Title"
        >
          Currently Infected: 
        </span>
        <span>
          33,700
        </span>
      </div>
      <div>
        <span
          className="Title"
        >
          Infections By Requested Time: 
        </span>
        <span>
          17,668,505,600
        </span>
      </div>
      <div>
        <span
          className="Title"
        >
          Severe Cases By Requested Time: 
        </span>
        <span>
          2,650,275,840
        </span>
      </div>
      <div>
        <span
          className="Title"
        >
          Hospital Beds By Requested Time: 
        </span>
        <span>
          -2,649,792,625
        </span>
      </div>
      <div>
        <span
          className="Title"
        >
          Cases For ICU By Requested Time: 
        </span>
        <span>
          883,425,280
        </span>
      </div>
      <div>
        <span
          className="Title"
        >
          Cases For Ventilators By Requested Time: 
        </span>
        <span>
          353,370,112
        </span>
      </div>
      <div>
        <span
          className="Title"
        >
          Dollars InFlight: 
        </span>
        <span>
          3,637,945,303,040
        </span>
      </div>
    </div>
  </div>
</div>
`;
